// Vitest Snapshot v1, https://vitest.dev/guide/snapshot.html

exports[`Tool Naming Convention > should maintain consistent tool list (snapshot test) 1`] = `
[
  {
    "className": "BoundingBoxTool",
    "description": "Calculates bounding box of given GeoJSON content, returns as [minX, minY, maxX, maxY]",
    "toolName": "bounding_box_tool",
  },
  {
    "className": "CheckColorContrastTool",
    "description": "Checks color contrast ratios between foreground and background colors for WCAG 2.1 accessibility compliance",
    "toolName": "check_color_contrast_tool",
  },
  {
    "className": "CompareStylesTool",
    "description": "Compares two Mapbox styles and reports differences in structure, layers, sources, and properties",
    "toolName": "compare_styles_tool",
  },
  {
    "className": "CoordinateConversionTool",
    "description": "Converts coordinates between WGS84 (longitude/latitude) and EPSG:3857 (Web Mercator) coordinate systems",
    "toolName": "coordinate_conversion_tool",
  },
  {
    "className": "CountryBoundingBoxTool",
    "description": "Gets bounding box for a country by its ISO 3166-1 country code, returns as [minX, minY, maxX, maxY].",
    "toolName": "country_bounding_box_tool",
  },
  {
    "className": "CreateStyleTool",
    "description": "Create a new Mapbox style from a complete style JSON.

Uploads whatever JSON it is given — it does not build a style. Prefer style_builder_tool for that:
it defaults to Mapbox Standard and supplies what hand-authored styles miss, an explicit slot on
every custom layer and emissive strength so they survive the dusk/night presets.

First check whether Standard's config already expresses the intent — theme, lightPreset, show* and
color* need no style to create or maintain. A dark map is lightPreset:'night', not a new style.

A Standard style is an 'imports' entry, not a layer stack: no background layer, no basemap layers
copied in, and 'sources'/'layers' hold only your own data. Omitting imports makes a Classic style.",
    "toolName": "create_style_tool",
  },
  {
    "className": "CreateTokenTool",
    "description": "Create a new Mapbox public access token with specified scopes and optional URL restrictions.",
    "toolName": "create_token_tool",
  },
  {
    "className": "DeleteStyleTool",
    "description": "Delete a Mapbox style by ID",
    "toolName": "delete_style_tool",
  },
  {
    "className": "GeojsonPreviewTool",
    "description": "Generate a geojson.io URL to visualize GeoJSON data. Returns only the URL link.",
    "toolName": "geojson_preview_tool",
  },
  {
    "className": "GetFeedbackTool",
    "description": "Get a single user feedback item from the Mapbox Feedback API by its unique ID. Use this tool to retrieve detailed information about a specific user-reported issue, suggestion, or feedback about map data, routing, or POI details. Requires user-feedback:read scope on the access token.",
    "toolName": "get_feedback_tool",
  },
  {
    "className": "ListFeedbackTool",
    "description": "List user feedback items from the Mapbox Feedback API with filtering, sorting, and pagination. Use this tool to access user-reported issues, suggestions, and feedback about map data, routing, and POI details. Supports comprehensive filtering by status, category, date ranges, trace IDs, and search text. Requires user-feedback:read scope on the access token.",
    "toolName": "list_feedback_tool",
  },
  {
    "className": "ListStylesTool",
    "description": "List styles for a Mapbox account. Use limit parameter to avoid large responses (recommended: limit=5-10). Use start parameter for pagination.",
    "toolName": "list_styles_tool",
  },
  {
    "className": "ListTokensTool",
    "description": "List Mapbox access tokens for the authenticated user with optional filtering and pagination. Returns metadata for all tokens (public and secret), but the actual token value is only included for public tokens (secret token values are omitted for security). When using pagination, the "start" parameter must be obtained from the "next_start" field of the previous response (it is not a token ID)",
    "toolName": "list_tokens_tool",
  },
  {
    "className": "OptimizeStyleTool",
    "description": "Optimizes Mapbox styles by removing unused sources, duplicate layers, and simplifying expressions",
    "toolName": "optimize_style_tool",
  },
  {
    "className": "PreviewStyleTool",
    "description": "Generate preview URL for a Mapbox style using an existing public token",
    "toolName": "preview_style_tool",
  },
  {
    "className": "RetrieveStyleTool",
    "description": "Retrieve a specific Mapbox style by ID",
    "toolName": "retrieve_style_tool",
  },
  {
    "className": "StyleBuilderTool",
    "description": "Generate Mapbox style JSON. Resolves layer types and filters against Streets v8, so
approximate layer names work — { class: 'park' } finds 'landuse', { maki: 'cafe' } finds 'poi_label'.
Use "admin" for all boundaries, "building" (singular), "road" for all streets. Unrecognized types
come back with the available layers and fields. See resource://mapbox-style-layers for slots,
emissive strength, layer properties and worked examples.

TARGET — base_style decides which options apply, and the wrong ones are REJECTED, not ignored:
• 'standard' is the default and almost always right. Takes standard_config; slots; lit scene
• Classic (streets-v12/light-v11/dark-v11/satellite-*/outdoors-v12/navigation-*) only when a
  classic style is explicitly asked for. Takes global_settings; no config surface, no slots
• A Classic base is NOT an import and does not reproduce the named style — this tool authors the
  stack, so EVERYTHING you want drawn must be listed in 'layers'. Pass none and you get a
  background and nothing else. The base name only sets light vs dark and whether satellite imagery
  goes underneath; bases within a group are equivalent

ON STANDARD, CONFIGURE BEFORE YOU LAYER:
The basemap belongs to the import and this tool cannot reach into it, so a Streets v8 layer draws a
SECOND copy over the basemap's own. standard_config restyles the basemap itself:
• theme 'faded'/'monochrome' — fastest way to make your data pop
• lightPreset 'night' — THIS is dark mode. Not dark-v11, not global_settings.mode
• show* toggles to hide what competes with your data; color* to retint water/roads/parks/labels
• action:'hide' on Standard sets the matching toggle (poi_label→showPointOfInterestLabels,
  place_label, transit_stop_label, building→show3dBuildings, admin→showAdminBoundaries). Water,
  landuse and the road network have no toggle, so 'hide' on those is rejected — make them recede
  with theme and color* instead. On Classic, 'hide' just omits the layer

YOUR OWN DATA — custom_sources (the layer_type lookup covers Streets v8 only, not your data):
• custom_sources: { zones: { type: 'geojson', data: <url or FeatureCollection> } }, then
  layer: { layer_type: 'Zones', source_id: 'zones', render_type: 'fill', color: '#7b61ff' }
• render_type is REQUIRED here; for type 'vector' also set source_layer. 'composite' (and
  'satellite' on a satellite base) are reserved and rejected
• Color by value as on any layer: 'expression' for a ramp, or property_based + property_values
  for a category match ('color' becomes the fallback arm)
• These get overlay placement, emissive strength and line-occlusion-opacity set for you. Override
  with slot:'bottom' on a choropleth, so the road network reads over it",
    "toolName": "style_builder_tool",
  },
  {
    "className": "StyleComparisonTool",
    "description": "Generate a comparison URL for comparing two Mapbox styles side-by-side",
    "toolName": "style_comparison_tool",
  },
  {
    "className": "TilequeryTool",
    "description": "Query vector and raster data from Mapbox tilesets at geographic coordinates",
    "toolName": "tilequery_tool",
  },
  {
    "className": "UpdateStyleTool",
    "description": "Update an existing Mapbox style",
    "toolName": "update_style_tool",
  },
  {
    "className": "ValidateExpressionTool",
    "description": "Validates Mapbox style expressions for syntax, operators, and argument correctness",
    "toolName": "validate_expression_tool",
  },
  {
    "className": "ValidateGeojsonTool",
    "description": "Validates GeoJSON objects for correctness, checking structure, coordinates, and geometry types",
    "toolName": "validate_geojson_tool",
  },
  {
    "className": "ValidateStyleTool",
    "description": "Validates Mapbox style JSON against the Mapbox Style Specification, checking for errors, warnings, and providing suggestions for improvement",
    "toolName": "validate_style_tool",
  },
]
`;
